export const snapshot = {};

snapshot[`<Dashboard/> 1`] = `'<img data-dialog="logout" class="flcss-logo-" src="https://cdn.discordapp.com/avatars/id/avatar_hash.png"/><i data-dialog-cb="logout" data-dialog-cb-action="hide" data-dialog-cancel="logout" style="z-index:2;position:absolute;visibility:hidden;background:#2b2d31;top:0px;left:0px;width:100%;height:100%;opacity:0.8;"></i><i data-dialog-cb="logout" data-dialog-cb-action="hide" class="flcss-container-" style="z-index:3;position:absolute;visibility:hidden;overflow:hidden auto;"><form method="post" action="/api/logout"><button class="flcss-button-" type="submit">Log Out<svg xmlns="http://www.w3.org/2000/svg" class="icon icon-tabler icon-tabler-logout" width="24" height="24" viewBox="0 0 24 24" stroke-width="2" stroke="currentColor" fill="none" stroke-linecap="round" stroke-linejoin="round"><path stroke="none" d="M0 0h24v24H0z" fill="none"></path><path d="M14 8v-2a2 2 0 0 0 -2 -2h-7a2 2 0 0 0 -2 2v12a2 2 0 0 0 2 2h7a2 2 0 0 0 2 -2v-2"></path><path d="M7 12h14l-3 -3m0 6l3 -3"></path></svg></button></form></i><div class="flcss-wrapper-"><a class="flcss-placeholder-" href="?new"><svg xmlns="http://www.w3.org/2000/svg" class="icon icon-tabler icon-tabler-plus" width="24" height="24" viewBox="0 0 24 24" stroke-width="2" stroke="currentColor" fill="none" stroke-linecap="round" stroke-linejoin="round"><path stroke="none" d="M0 0h24v24H0z" fill="none"></path><path d="M12 5l0 14"></path><path d="M5 12l14 0"></path></svg></a><a disabled class="flcss-placeholder-" href="?import"><svg xmlns="http://www.w3.org/2000/svg" class="icon icon-tabler icon-tabler-link" width="24" height="24" viewBox="0 0 24 24" stroke-width="2" stroke="currentColor" fill="none" stroke-linecap="round" stroke-linejoin="round"><path stroke="none" d="M0 0h24v24H0z" fill="none"></path><path d="M10 14a3.5 3.5 0 0 0 5 0l4 -4a3.5 3.5 0 0 0 -5 -5l-.5 .5"></path><path d="M14 10a3.5 3.5 0 0 0 -5 0l-4 4a3.5 3.5 0 0 0 5 5l.5 -.5"></path></svg></a></div>'`;

snapshot[`<Card/> 1`] = `'<a class="flcss-card-" href="utawarerumono"><img src="https://media.tenor.com/n9YTIWj9H-gAAAAC/utawarerumono-kuon.gif" class="flcss-image-"/><div class="flcss-title-">Utawarerumono Pack</div></a>'`;
