export const snapshot = {};

snapshot[`<Manage pack={undefined}/> 1`] = `'<div data-dialog-cb="manage" data-dialog-cb-action="back" data-dialog-cancel="manage" class="flcss-wrapper-"></div><div data-dialog-cb="manage" data-dialog-cb-action="back" class="flcss-container- flcss-wrapper-"><form method="post" action="/api/publish" encType="multipart/form-data" class="flcss-container-"><input type="hidden" name="pack" value="{}"/><div class="flcss-image-"><svg xmlns="http://www.w3.org/2000/svg" class="icon icon-tabler icon-tabler-photo-plus" width="24" height="24" viewBox="0 0 24 24" stroke-width="2" stroke="currentColor" fill="none" stroke-linecap="round" stroke-linejoin="round"><path stroke="none" d="M0 0h24v24H0z" fill="none"></path><path d="M15 8h.01"></path><path d="M12 20h-5a3 3 0 0 1 -3 -3v-10a3 3 0 0 1 3 -3h10a3 3 0 0 1 3 3v5"></path><path d="M4 15l4 -4c.928 -.893 2.072 -.893 3 0l4 4"></path><path d="M14 14l1 -1c.617 -.593 1.328 -.793 2.009 -.598"></path><path d="M16 19h6"></path><path d="M19 16v6"></path></svg><img src data-image-cb="pack_image"/><label for="pack_image"></label><input type="file" id="pack_image" name="pack_image" data-image="pack_image" accept="image/png,image/jpeg,image/webp,image/gif"/></div><input type="text" name="pack_title" placeholder="Pack Title"/><svg xmlns="http://www.w3.org/2000/svg" class="flcss-close-" width="24" height="24" viewBox="0 0 24 24" stroke-width="2" stroke="currentColor" fill="none" stroke-linecap="round" stroke-linejoin="round" data-dialog-cancel="manage"><path stroke="none" d="M0 0h24v24H0z" fill="none"></path><path d="M18 6l-12 12"></path><path d="M6 6l12 12"></path></svg><div class="flcss-body-"></div></form></div>'`;

snapshot[`<Manage pack={pack}/> 1`] = `
\`<div data-dialog-cb="manage" data-dialog-cb-action="back" data-dialog-cancel="manage" class="flcss-wrapper-"></div><div data-dialog-cb="manage" data-dialog-cb-action="back" class="flcss-container- flcss-wrapper-"><form method="post" action="/api/publish" encType="multipart/form-data" class="flcss-container-"><input type="hidden" name="pack" value="{&quot;\$schema&quot;:&quot;https://raw.githubusercontent.com/ker0olos/fable/main/json/schema.json&quot;,&quot;id&quot;:&quot;utawarerumono&quot;,&quot;title&quot;:&quot;Utawarerumono Pack&quot;,&quot;description&quot;:&quot;Contains characters from Utawarerumono: Mask of Deception&quot;,&quot;author&quot;:&quot;Fable Community&quot;,&quot;image&quot;:&quot;https://media.tenor.com/n9YTIWj9H-gAAAAC/utawarerumono-kuon.gif&quot;,&quot;url&quot;:&quot;https://github.com/fable-community/fable-pack-utawarerumono&quot;,&quot;media&quot;:{&quot;conflicts&quot;:[&quot;anilist:21218&quot;],&quot;new&quot;:[{&quot;id&quot;:&quot;mask-of-deception&quot;,&quot;popularity&quot;:113000,&quot;title&quot;:{&quot;english&quot;:&quot;Utawarerumono: Mask of Deception&quot;,&quot;romaji&quot;:&quot;Utawarerumono: Itsuwari no Kamen&quot;,&quot;native&quot;:&quot;うたわれるもの 偽りの仮面&quot;,&quot;alternative&quot;:[&quot;Utawarerumono: The False Faces&quot;]},&quot;description&quot;:&quot;The only thing I can remember is coming to in the middle of an unfamiliar snowscape. Where that was or how I got there, I don't know. I couldn't even remember my own name. The memories just wouldn't come.\\
\\
I only had a moment, left at a loss, to ponder what to do — but fate seemed intent on furthering my misery as a giant, insect-like monster burst from the snow and ice to attack me.\\
\\
Naturally, I ran like hell. The creature cornered me anyway.\\
\\
That's when SHE appeared, as if from nowhere — the beautiful, mysterious girl who saved my life.\\
\\
She told me her name was Kuon. A beautiful, mysterious girl...\\
\\
...with a tail and ears like a beast's\\
\\
(Source: Atlus)&quot;,&quot;type&quot;:&quot;ANIME&quot;,&quot;images&quot;:[{&quot;url&quot;:&quot;https://s2.vndb.org/cv/68/45668.jpg&quot;}]}]},&quot;characters&quot;:{&quot;conflicts&quot;:[&quot;anilist:126823&quot;],&quot;new&quot;:[{&quot;id&quot;:&quot;kuon&quot;,&quot;gender&quot;:&quot;Female&quot;,&quot;name&quot;:{&quot;english&quot;:&quot;Kuon&quot;,&quot;romaji&quot;:&quot;Kuon&quot;,&quot;native&quot;:&quot;クオン&quot;,&quot;alternative&quot;:[&quot;kuon&quot;,&quot;Ku (Uta)&quot;]},&quot;description&quot;:&quot;An apothecary that left her hometown with ears and tail like an animal's. She's lively and intelligent, while somehow aloof.\\
\\
Separated from her homeland, she encounters Haku while traveling along leisurely.\\
\\
She gets excited when it comes to bathing and often ends her sentences with \\\\&quot;-かな～\\\\&quot; or, in English, \\\\&quot;I think\\\\&quot;.&quot;,&quot;media&quot;:[{&quot;mediaId&quot;:&quot;mask-of-deception&quot;,&quot;role&quot;:&quot;MAIN&quot;}],&quot;images&quot;:[{&quot;url&quot;:&quot;https://i.imgur.com/ClaapHd.png&quot;}]}]}}"/><div class="flcss-image-"><svg xmlns="http://www.w3.org/2000/svg" class="icon icon-tabler icon-tabler-photo-plus" width="24" height="24" viewBox="0 0 24 24" stroke-width="2" stroke="currentColor" fill="none" stroke-linecap="round" stroke-linejoin="round"><path stroke="none" d="M0 0h24v24H0z" fill="none"></path><path d="M15 8h.01"></path><path d="M12 20h-5a3 3 0 0 1 -3 -3v-10a3 3 0 0 1 3 -3h10a3 3 0 0 1 3 3v5"></path><path d="M4 15l4 -4c.928 -.893 2.072 -.893 3 0l4 4"></path><path d="M14 14l1 -1c.617 -.593 1.328 -.793 2.009 -.598"></path><path d="M16 19h6"></path><path d="M19 16v6"></path></svg><img src="https://media.tenor.com/n9YTIWj9H-gAAAAC/utawarerumono-kuon.gif" data-image-cb="pack_image"/><label for="pack_image"></label><input type="file" id="pack_image" name="pack_image" data-image="pack_image" accept="image/png,image/jpeg,image/webp,image/gif"/></div><input type="text" name="pack_title" placeholder="Pack Title" value="Utawarerumono Pack"/><svg xmlns="http://www.w3.org/2000/svg" class="flcss-close-" width="24" height="24" viewBox="0 0 24 24" stroke-width="2" stroke="currentColor" fill="none" stroke-linecap="round" stroke-linejoin="round" data-dialog-cancel="manage"><path stroke="none" d="M0 0h24v24H0z" fill="none"></path><path d="M18 6l-12 12"></path><path d="M6 6l12 12"></path></svg><div class="flcss-body-"></div></form></div>\`
`;
